Archive member included to satisfy reference by file (symbol)

C:/HWP/HWP/avr8-gnu-toolchain-4.0.0.52-win32.any.x86_64/avr8-gnu-toolchain-win32_x86_64/bin/../lib/gcc/avr/15.1.0/avr51\libgcc.a(_mulhisi3.o)
                              Build\obj\calibration.o (__mulhisi3)
C:/HWP/HWP/avr8-gnu-toolchain-4.0.0.52-win32.any.x86_64/avr8-gnu-toolchain-win32_x86_64/bin/../lib/gcc/avr/15.1.0/avr51\libgcc.a(_umulhisi3.o)
                              Build\obj\statemachine.o (__umulhisi3)
C:/HWP/HWP/avr8-gnu-toolchain-4.0.0.52-win32.any.x86_64/avr8-gnu-toolchain-win32_x86_64/bin/../lib/gcc/avr/15.1.0/avr51\libgcc.a(_divmodhi4.o)
                              Build\obj\statemachine.o (__divmodhi4)
C:/HWP/HWP/avr8-gnu-toolchain-4.0.0.52-win32.any.x86_64/avr8-gnu-toolchain-win32_x86_64/bin/../lib/gcc/avr/15.1.0/avr51\libgcc.a(_udivmodsi4.o)
                              Build\obj\calibration.o (__udivmodsi4)
C:/HWP/HWP/avr8-gnu-toolchain-4.0.0.52-win32.any.x86_64/avr8-gnu-toolchain-win32_x86_64/bin/../lib/gcc/avr/15.1.0/avr51\libgcc.a(_divmodsi4.o)
                              Build\obj\statemachine.o (__divmodsi4)
C:/HWP/HWP/avr8-gnu-toolchain-4.0.0.52-win32.any.x86_64/avr8-gnu-toolchain-win32_x86_64/bin/../lib/gcc/avr/15.1.0/avr51\libgcc.a(_negsi2.o)
                              C:/HWP/HWP/avr8-gnu-toolchain-4.0.0.52-win32.any.x86_64/avr8-gnu-toolchain-win32_x86_64/bin/../lib/gcc/avr/15.1.0/avr51\libgcc.a(_divmodsi4.o) (__negsi2)
C:/HWP/HWP/avr8-gnu-toolchain-4.0.0.52-win32.any.x86_64/avr8-gnu-toolchain-win32_x86_64/bin/../lib/gcc/avr/15.1.0/avr51\libgcc.a(_exit.o)
                              C:/HWP/HWP/avr8-gnu-toolchain-4.0.0.52-win32.any.x86_64/avr8-gnu-toolchain-win32_x86_64/bin/../lib/gcc/avr/15.1.0/../../../../avr/lib/avr51/crtatmega1280.o (exit)
C:/HWP/HWP/avr8-gnu-toolchain-4.0.0.52-win32.any.x86_64/avr8-gnu-toolchain-win32_x86_64/bin/../lib/gcc/avr/15.1.0/avr51\libgcc.a(_tablejump2.o)
                              Build\obj\main.o (__tablejump2__)
C:/HWP/HWP/avr8-gnu-toolchain-4.0.0.52-win32.any.x86_64/avr8-gnu-toolchain-win32_x86_64/bin/../lib/gcc/avr/15.1.0/avr51\libgcc.a(_copy_data.o)
                              Build\obj\pathFollower.o (__do_copy_data)
C:/HWP/HWP/avr8-gnu-toolchain-4.0.0.52-win32.any.x86_64/avr8-gnu-toolchain-win32_x86_64/bin/../lib/gcc/avr/15.1.0/avr51\libgcc.a(_clear_bss.o)
                              Build\obj\communication.o (__do_clear_bss)
C:/HWP/HWP/avr8-gnu-toolchain-4.0.0.52-win32.any.x86_64/avr8-gnu-toolchain-win32_x86_64/bin/../lib/gcc/avr/15.1.0/avr51\libgcc.a(_usmulhisi3.o)
                              Build\obj\statemachine.o (__usmulhisi3)
C:/HWP/HWP/avr8-gnu-toolchain-4.0.0.52-win32.any.x86_64/avr8-gnu-toolchain-win32_x86_64/bin/../lib/gcc/avr/15.1.0/avr51\libgcc.a(_muluhisi3.o)
                              Build\obj\timeTask.o (__muluhisi3)
C:/HWP/HWP/avr8-gnu-toolchain-4.0.0.52-win32.any.x86_64/avr8-gnu-toolchain-win32_x86_64/bin/../lib/gcc/avr/15.1.0/avr51\libgcc.a(_udivmodhi4.o)
                              C:/HWP/HWP/avr8-gnu-toolchain-4.0.0.52-win32.any.x86_64/avr8-gnu-toolchain-win32_x86_64/bin/../lib/gcc/avr/15.1.0/avr51\libgcc.a(_divmodhi4.o) (__udivmodhi4)
C:/HWP/HWP/avr8-gnu-toolchain-4.0.0.52-win32.any.x86_64/avr8-gnu-toolchain-win32_x86_64/bin/../lib/gcc/avr/15.1.0/../../../../avr/lib/avr51\libm.a(addsf3.o)
                              Build\obj\pathFollower.o (__subsf3)
C:/HWP/HWP/avr8-gnu-toolchain-4.0.0.52-win32.any.x86_64/avr8-gnu-toolchain-win32_x86_64/bin/../lib/gcc/avr/15.1.0/../../../../avr/lib/avr51\libm.a(addsf3x.o)
                              C:/HWP/HWP/avr8-gnu-toolchain-4.0.0.52-win32.any.x86_64/avr8-gnu-toolchain-win32_x86_64/bin/../lib/gcc/avr/15.1.0/../../../../avr/lib/avr51\libm.a(addsf3.o) (__addsf3x)
C:/HWP/HWP/avr8-gnu-toolchain-4.0.0.52-win32.any.x86_64/avr8-gnu-toolchain-win32_x86_64/bin/../lib/gcc/avr/15.1.0/../../../../avr/lib/avr51\libm.a(cmpsf2.o)
                              Build\obj\pathFollower.o (__ltsf2)
C:/HWP/HWP/avr8-gnu-toolchain-4.0.0.52-win32.any.x86_64/avr8-gnu-toolchain-win32_x86_64/bin/../lib/gcc/avr/15.1.0/../../../../avr/lib/avr51\libm.a(cos.o)
                              Build\obj\main.o (cosf)
C:/HWP/HWP/avr8-gnu-toolchain-4.0.0.52-win32.any.x86_64/avr8-gnu-toolchain-win32_x86_64/bin/../lib/gcc/avr/15.1.0/../../../../avr/lib/avr51\libm.a(divsf3.o)
                              Build\obj\pathFollower.o (__divsf3)
C:/HWP/HWP/avr8-gnu-toolchain-4.0.0.52-win32.any.x86_64/avr8-gnu-toolchain-win32_x86_64/bin/../lib/gcc/avr/15.1.0/../../../../avr/lib/avr51\libm.a(divsf3x.o)
                              C:/HWP/HWP/avr8-gnu-toolchain-4.0.0.52-win32.any.x86_64/avr8-gnu-toolchain-win32_x86_64/bin/../lib/gcc/avr/15.1.0/../../../../avr/lib/avr51\libm.a(divsf3.o) (__divsf3x)
C:/HWP/HWP/avr8-gnu-toolchain-4.0.0.52-win32.any.x86_64/avr8-gnu-toolchain-win32_x86_64/bin/../lib/gcc/avr/15.1.0/../../../../avr/lib/avr51\libm.a(fixsfsi.o)
                              Build\obj\pathFollower.o (__fixsfsi)
[...]
Memory Configuration

Name             Origin             Length             Attributes
text             0x00000000         0x00020000         xr
data             0x00800200         0x00002000         rw!x
eeprom           0x00810000         0x00001000         rw!x
fuse             0x00820000         0x00000003         rw!x
lock             0x00830000         0x00000400         rw!x
signature        0x00840000         0x00000400         rw!x
user_signatures  0x00850000         0x00000400         rw!x
*default*        0x00000000         0xffffffff

Linker script and memory map

Address of section .data set to 0x800200
LOAD C:/HWP/HWP/avr8-gnu-toolchain-4.0.0.52-win32.any.x86_64/avr8-gnu-toolchain-win32_x86_64/bin/../lib/gcc/avr/15.1.0/../../../../avr/lib/avr51/crtatmega1280.o
LOAD C:/HWP/HWP/avr8-gnu-toolchain-4.0.0.52-win32.any.x86_64/avr8-gnu-toolchain-win32_x86_64/bin/../lib/gcc/avr/15.1.0/../../../../avr/lib/avr51\libm.a
LOAD Build\obj\communication.o
LOAD Build\obj\adc.o
LOAD Build\obj\i2c.o
LOAD Build\obj\uart.o
LOAD Build\obj\motor.o
LOAD Build\obj\pathFollower.o
LOAD Build\obj\labyrinth.o
LOAD Build\obj\remoteDataProcessing.o
LOAD Build\obj\timeTask.o
LOAD Build\obj\badISR.o
LOAD Build\obj\main.o
LOAD Build\obj\statemachine.o
LOAD Build\obj\encoder.o
LOAD Build\obj\bumper.o
LOAD Build\obj\calibration.o
LOAD Build\obj\adc_isr.o
LOAD Build\obj\uart_isr.o
LOAD Build\obj\timeTask_isr.o
START GROUP
LOAD C:/HWP/HWP/avr8-gnu-toolchain-4.0.0.52-win32.any.x86_64/avr8-gnu-toolchain-win32_x86_64/bin/../lib/gcc/avr/15.1.0/avr51\libgcc.a
LOAD C:/HWP/HWP/avr8-gnu-toolchain-4.0.0.52-win32.any.x86_64/avr8-gnu-toolchain-win32_x86_64/bin/../lib/gcc/avr/15.1.0/../../../../avr/lib/avr51\libm.a
LOAD C:/HWP/HWP/avr8-gnu-toolchain-4.0.0.52-win32.any.x86_64/avr8-gnu-toolchain-win32_x86_64/bin/../lib/gcc/avr/15.1.0/../../../../avr/lib/avr51\libc.a
LOAD C:/HWP/HWP/avr8-gnu-toolchain-4.0.0.52-win32.any.x86_64/avr8-gnu-toolchain-win32_x86_64/bin/../lib/gcc/avr/15.1.0/../../../../avr/lib/avr51\libatmega1280.a
END GROUP
                [0x00000000]                      __TEXT_REGION_ORIGIN__ = DEFINED (__TEXT_REGION_ORIGIN__)?__TEXT_REGION_ORIGIN__:0x0
                [0x00020000]                      __TEXT_REGION_LENGTH__ = DEFINED (__TEXT_REGION_LENGTH__)?__TEXT_REGION_LENGTH__:0x20000
                [0x00800200]                      __DATA_REGION_ORIGIN__ = DEFINED (__DATA_REGION_ORIGIN__)?__DATA_REGION_ORIGIN__:0x800100
                [0x00002000]                      __DATA_REGION_LENGTH__ = DEFINED (__DATA_REGION_LENGTH__)?__DATA_REGION_LENGTH__:0xff00
                [0x00001000]                      __EEPROM_REGION_LENGTH__ = DEFINED (__EEPROM_REGION_LENGTH__)?__EEPROM_REGION_LENGTH__:0x10000
                [0x00000003]                      __FUSE_REGION_LENGTH__ = DEFINED (__FUSE_REGION_LENGTH__)?__FUSE_REGION_LENGTH__:0x400
                0x00000400                        __LOCK_REGION_LENGTH__ = DEFINED (__LOCK_REGION_LENGTH__)?__LOCK_REGION_LENGTH__:0x400
                0x00000400                        __SIGNATURE_REGION_LENGTH__ = DEFINED (__SIGNATURE_REGION_LENGTH__)?__SIGNATURE_REGION_LENGTH__:0x400
                0x00000400                        __USER_SIGNATURE_REGION_LENGTH__ = DEFINED (__USER_SIGNATURE_REGION_LENGTH__)?__USER_SIGNATURE_REGION_LENGTH__:0x400

.hash
 *(.hash)

.dynsym
 *(.dynsym)

.dynstr
 *(.dynstr)

.gnu.version
 *(.gnu.version)

.gnu.version_d
 *(.gnu.version_d)

.gnu.version_r
 *(.gnu.version_r)

.rel.init
 *(.rel.init)

.rela.init
 *(.rela.init)

.rel.text
 *(.rel.text)
 *(.rel.text.*)
 *(.rel.gnu.linkonce.t*)

.rela.text
 *(.rela.text)
 *(.rela.text.*)
 *(.rela.gnu.linkonce.t*)

.rel.fini
 *(.rel.fini)

.rela.fini
 *(.rela.fini)

.rel.rodata
 *(.rel.rodata)
 *(.rel.rodata.*)
 *(.rel.gnu.linkonce.r*)

.rela.rodata
 *(.rela.rodata)
 *(.rela.rodata.*)
 *(.rela.gnu.linkonce.r*)

.rel.data
 *(.rel.data)
 *(.rel.data.*)
 *(.rel.gnu.linkonce.d*)

.rela.data
 *(.rela.data)
 *(.rela.data.*)
 *(.rela.gnu.linkonce.d*)

.rel.ctors
 *(.rel.ctors)

.rela.ctors
 *(.rela.ctors)

.rel.dtors
 *(.rel.dtors)

.rela.dtors
 *(.rela.dtors)

.rel.got
 *(.rel.got)

.rela.got
 *(.rela.got)

.rel.bss
 *(.rel.bss)

.rela.bss
 *(.rela.bss)

.rel.plt
 *(.rel.plt)

.rela.plt
 *(.rela.plt)

.text           0x00000000     0x4c50
 *(.vectors)
 .vectors       0x00000000       0xe4 C:/HWP/HWP/avr8-gnu-toolchain-4.0.0.52-win32.any.x86_64/avr8-gnu-toolchain-win32_x86_64/bin/../lib/gcc/avr/15.1.0/../../../../avr/lib/avr51/crtatmega1280.o
                0x00000000                __vectors
 *(.vectors)
 *(.progmem.gcc*)
                0x000000e4                        . = ALIGN (0x2)
                0x000000e4                        __trampolines_start = .
 *(.trampolines)
 .trampolines   0x000000e4        0x0 linker stubs
 *(.trampolines*)
                0x000000e4                        __trampolines_end = .
 *libprintf_flt.a:*(.progmem.data)
 *libc.a:*(.progmem.data)
 *(.progmem.*)
 .progmem.data.__c.3
                0x000000e4       0x18 Build\obj\pathFollower.o
 .progmem.data.__c.4
                0x000000fc        0xf Build\obj\pathFollower.o
 .progmem.data.__c.5
                0x0000010b       0x10 Build\obj\pathFollower.o
 .progmem.data.__c.6
                0x0000011b       0x11 Build\obj\pathFollower.o
 .progmem.data.__c.7
                0x0000012c       0x12 Build\obj\pathFollower.o
 .progmem.data.__c.8
                0x0000013e       0x2b Build\obj\pathFollower.o
 .progmem.data.__c.9
                0x00000169       0x33 Build\obj\pathFollower.o
 .progmem.data.__c.4
                0x0000019c        0x7 Build\obj\main.o
                0x000001a4                        . = ALIGN (0x2)
 *fill*         0x000001a3        0x1 
 *(.lowtext)
 *(.lowtext*)
                0x000001a4                        __ctors_start = .
 *(.ctors)
                0x000001a4                        __ctors_end = .
                0x000001a4                        __dtors_start = .
 *(.dtors)
                0x000001a4                        __dtors_end = .
 SORT_BY_NAME(*)(.ctors)
 SORT_BY_NAME(*)(.dtors)
 *(.init0)
 .init0         0x000001a4        0x0 C:/HWP/HWP/avr8-gnu-toolchain-4.0.0.52-win32.any.x86_64/avr8-gnu-toolchain-win32_x86_64/bin/../lib/gcc/avr/15.1.0/../../../../avr/lib/avr51/crtatmega1280.o
                0x000001a4                __init
 *(.init0)
 *(.init1)
 *(.init1)
 *(.init2)
 .init2         0x000001a4        0xc C:/HWP/HWP/avr8-gnu-toolchain-4.0.0.52-win32.any.x86_64/avr8-gnu-toolchain-win32_x86_64/bin/../lib/gcc/avr/15.1.0/../../../../avr/lib/avr51/crtatmega1280.o
 *(.init2)
 *(.init3)
 .init3         0x000001b0        0x2 Build\obj\timeTask.o
                0x000001b0                init_GPIOR0
 *(.init3)
 *(.init4)
 .init4         0x000001b2       0x1a C:/HWP/HWP/avr8-gnu-toolchain-4.0.0.52-win32.any.x86_64/avr8-gnu-toolchain-win32_x86_64/bin/../lib/gcc/avr/15.1.0/avr51\libgcc.a(_copy_data.o)
                0x000001b2                __do_copy_data
 .init4         0x000001cc       0x10 C:/HWP/HWP/avr8-gnu-toolchain-4.0.0.52-win32.any.x86_64/avr8-gnu-toolchain-win32_x86_64/bin/../lib/gcc/avr/15.1.0/avr51\libgcc.a(_clear_bss.o)
                0x000001cc                __do_clear_bss
 *(.init4)
 *(.init5)
 *(.init5)
 *(.init6)
 *(.init6)
 *(.init7)
 *(.init7)
 *(.init8)
 *(.init8)
 *(.init9)
 .init9         0x000001dc        0x6 C:/HWP/HWP/avr8-gnu-toolchain-4.0.0.52-win32.any.x86_64/avr8-gnu-toolchain-win32_x86_64/bin/../lib/gcc/avr/15.1.0/../../../../avr/lib/avr51/crtatmega1280.o
 *(.init9)
 *(.text)
 .text          0x000001e2        0x2 C:/HWP/HWP/avr8-gnu-toolchain-4.0.0.52-win32.any.x86_64/avr8-gnu-toolchain-win32_x86_64/bin/../lib/gcc/avr/15.1.0/../../../../avr/lib/avr51/crtatmega1280.o
                0x000001e2                __vector_38
                0x000001e2                __vector_22
                0x000001e2                __vector_28
                0x000001e2                __vector_32
                0x000001e2                __vector_34
                0x000001e2                __vector_24
                0x000001e2                __vector_12
                0x000001e2                __vector_55
                0x000001e2                __vector_46
                0x000001e2                __bad_interrupt
                0x000001e2                __vector_6
                0x000001e2                __vector_31
                0x000001e2                __vector_35
                0x000001e2                __vector_39
                0x000001e2                __vector_3
                0x000001e2                __vector_23
                0x000001e2                __vector_30
                0x000001e2                __vector_45
                0x000001e2                __vector_25
                0x000001e2                __vector_11
                0x000001e2                __vector_54
                0x000001e2                __vector_13
                0x000001e2                __vector_17
                0x000001e2                __vector_19
                0x000001e2                __vector_56
                0x000001e2                __vector_7
                0x000001e2                __vector_49
                0x000001e2                __vector_41
                0x000001e2                __vector_43
                0x000001e2                __vector_27
                0x000001e2                __vector_5
                0x000001e2                __vector_33
                0x000001e2                __vector_52
                0x000001e2                __vector_4
                0x000001e2                __vector_44
                0x000001e2                __vector_51
                0x000001e2                __vector_21
                0x000001e2                __vector_15
                0x000001e2                __vector_40
                0x000001e2                __vector_8
                0x000001e2                __vector_26
                0x000001e2                __vector_48
                0x000001e2                __vector_14
                0x000001e2                __vector_53
                0x000001e2                __vector_10
                0x000001e2                __vector_50
                0x000001e2                __vector_16
                0x000001e2                __vector_18
                0x000001e2                __vector_20
                0x000001e2                __vector_42
 .text          0x000001e4       0x9a Build\obj\adc_isr.o
                0x000001e4                __vector_29
 .text          0x0000027e       0x78 Build\obj\uart_isr.o
                0x0000027e                __vector_36
                0x000002bc                __vector_37
 .text          0x000002f6       0x6c Build\obj\timeTask_isr.o
                0x000002f6                __vector_47
                0x00000362                        . = ALIGN (0x2)
 *(.text.*)
 .text.readPackets
                0x00000362      0x15c Build\obj\communication.o
 .text.communication_init
                0x000004be       0x10 Build\obj\communication.o
                0x000004be                communication_init
 .text.communication_setCallback
                0x000004ce       0x12 Build\obj\communication.o
                0x000004ce                communication_setCallback
 .text.communication_writePacket
                0x000004e0       0xec Build\obj\communication.o
                0x000004e0                communication_writePacket
 .text.communication_log
                0x000005cc       0x68 Build\obj\communication.o
                0x000005cc                communication_log
 .text.communication_log_P
                0x00000634       0x68 Build\obj\communication.o
                0x00000634                communication_log_P
 .text.communication_readPackets
                0x0000069c        0xa Build\obj\communication.o
                0x0000069c                communication_readPackets
 .text.ADC_init
                0x000006a6       0xb6 Build\obj\adc.o
                0x000006a6                ADC_init
 .text.ADC_getFilteredValue
                0x0000075c       0x2a Build\obj\adc.o
                0x0000075c                ADC_getFilteredValue
 .text.uart_write1
                0x00000786       0x24 Build\obj\uart.o
                0x00000786                uart_write1
 .text.uart_read1
                0x000007aa       0x24 Build\obj\uart.o
                0x000007aa                uart_read1
 .text.uart_available1
                0x000007ce       0x12 Build\obj\uart.o
                0x000007ce                uart_available1
 .text.uart_init
                0x000007e0       0x26 Build\obj\uart.o
                0x000007e0                uart_init
 .text.Motor_init
                0x00000806       0x98 Build\obj\motor.o
                0x00000806                Motor_init
 .text.Motor_setPWM
                0x0000089e       0x70 Build\obj\motor.o
                0x0000089e                Motor_setPWM
 .text.Motor_stopAll
                0x0000090e       0x2c Build\obj\motor.o
                0x0000090e                Motor_stopAll
 .text.commPathFollowerParameters
                0x0000093a       0x82 Build\obj\pathFollower.o
                0x0000093a                commPathFollowerParameters
 .text.setPath  0x000009bc      0x1ae Build\obj\pathFollower.o
 .text.commPathFollower
                0x00000b6a      0x122 Build\obj\pathFollower.o
                0x00000b6a                commPathFollower
 .text.pathFollower_init
                0x00000c8c       0x10 Build\obj\pathFollower.o
                0x00000c8c                pathFollower_init
 .text.timeTask_init
                0x00000c9c       0x44 Build\obj\timeTask.o
                0x00000c9c                timeTask_init
 .text.timeTask_getTimestamp
                0x00000ce0       0x2e Build\obj\timeTask.o
                0x00000ce0                timeTask_getTimestamp
 .text.timeTask_getDuration
                0x00000d0e       0x48 Build\obj\timeTask.o
                0x00000d0e                timeTask_getDuration
 .text.__vector_default
                0x00000d56       0x2c Build\obj\badISR.o
                0x00000d56                __vector_default
 .text.commDriveCommand
                0x00000d82        0x2 Build\obj\main.o
 .text.commRobotParameters
                0x00000d84       0x32 Build\obj\main.o
 .text.commDebug
                0x00000db6       0x1e Build\obj\main.o
 .text.commUserCommand
                0x00000dd4      0x1b0 Build\obj\main.o
 .text.commAdditionalPose
                0x00000f84        0x2 Build\obj\main.o
 .text.commPose
                0x00000f86        0x2 Build\obj\main.o
 .text.startup.main
                0x00000f88      0x25a Build\obj\main.o
                0x00000f88                main
 .text.drive_Forward_ticks
                0x000011e2      0xee8 Build\obj\statemachine.o
                0x000011e2                drive_Forward_ticks
 .text.drive_Forward_5sec
                0x000020ca       0x6a Build\obj\statemachine.o
                0x000020ca                drive_Forward_5sec
 .text.setState
                0x00002134        0x6 Build\obj\statemachine.o
                0x00002134                setState
 .text.statemachine_setTargetDistance
                0x0000213a        0xa Build\obj\statemachine.o
                0x0000213a                statemachine_setTargetDistance
 .text.statemachine_setTargetTicks
                0x00002144        0xa Build\obj\statemachine.o
                0x00002144                statemachine_setTargetTicks
 .text.statemachine_setTargetPWM
                0x0000214e        0xa Build\obj\statemachine.o
                0x0000214e                statemachine_setTargetPWM
 .text.statemachine_setTargetAngle
                0x00002158        0xa Build\obj\statemachine.o
                0x00002158                statemachine_setTargetAngle
 .text.turn_On_Spot_degrees
                0x00002162      0x594 Build\obj\statemachine.o
                0x00002162                turn_On_Spot_degrees
 .text.stateMachine
                0x000026f6       0xca Build\obj\statemachine.o
                0x000026f6                stateMachine
 .text.encoder_init
                0x000027c0       0x22 Build\obj\encoder.o
                0x000027c0                encoder_init
 .text.__vector_9
                0x000027e2      0x14c Build\obj\encoder.o
                0x000027e2                __vector_9
 .text.encoder_getCountR
                0x0000292e        0xa Build\obj\encoder.o
                0x0000292e                encoder_getCountR
 .text.encoder_getCountL
                0x00002938        0xa Build\obj\encoder.o
                0x00002938                encoder_getCountL
 .text.bumper_init
                0x00002942       0x1e Build\obj\bumper.o
                0x00002942                bumper_init
 .text.__vector_1
                0x00002960       0x18 Build\obj\bumper.o
                0x00002960                __vector_1
 .text.__vector_2
                0x00002978       0x4e Build\obj\bumper.o
                0x00002978                __vector_2
 .text.bumper_getContacts
                0x000029c6        0x6 Build\obj\bumper.o
                0x000029c6                bumper_getContacts
 .text.bumper_getBumpers
                0x000029cc        0xe Build\obj\bumper.o
                0x000029cc                bumper_getBumpers
 .text.findBestPWMValues.part.0
                0x000029da      0x140 Build\obj\calibration.o
 .text.calibration_init
                0x00002b1a      0x150 Build\obj\calibration.o
                0x00002b1a                calibration_init
 .text.calibration_getPWMLeft
                0x00002c6a       0x70 Build\obj\calibration.o
                0x00002c6a                calibration_getPWMLeft
 .text.calibration_run
                0x00002cda      0xe30 Build\obj\calibration.o
                0x00002cda                calibration_run
 .text.libgcc.mul
                0x00003b0a        0xc C:/HWP/HWP/avr8-gnu-toolchain-4.0.0.52-win32.any.x86_64/avr8-gnu-toolchain-win32_x86_64/bin/../lib/gcc/avr/15.1.0/avr51\libgcc.a(_mulhisi3.o)
                0x00003b0a                __mulhisi3
 .text.libgcc.mul
                0x00003b16       0x1e C:/HWP/HWP/avr8-gnu-toolchain-4.0.0.52-win32.any.x86_64/avr8-gnu-toolchain-win32_x86_64/bin/../lib/gcc/avr/15.1.0/avr51\libgcc.a(_umulhisi3.o)
                0x00003b16                __umulhisi3
 .text.libgcc.div
                0x00003b34       0x26 C:/HWP/HWP/avr8-gnu-toolchain-4.0.0.52-win32.any.x86_64/avr8-gnu-toolchain-win32_x86_64/bin/../lib/gcc/avr/15.1.0/avr51\libgcc.a(_divmodhi4.o)
                0x00003b34                _div
                0x00003b34                __divmodhi4
 .text.libgcc.div
                0x00003b5a       0x44 C:/HWP/HWP/avr8-gnu-toolchain-4.0.0.52-win32.any.x86_64/avr8-gnu-toolchain-win32_x86_64/bin/../lib/gcc/avr/15.1.0/avr51\libgcc.a(_udivmodsi4.o)
                0x00003b5a                __udivmodsi4
 .text.libgcc.div
                0x00003b9e       0x28 C:/HWP/HWP/avr8-gnu-toolchain-4.0.0.52-win32.any.x86_64/avr8-gnu-toolchain-win32_x86_64/bin/../lib/gcc/avr/15.1.0/avr51\libgcc.a(_divmodsi4.o)
                0x00003b9e                __divmodsi4
 .text.libgcc.div
                0x00003bc6       0x10 C:/HWP/HWP/avr8-gnu-toolchain-4.0.0.52-win32.any.x86_64/avr8-gnu-toolchain-win32_x86_64/bin/../lib/gcc/avr/15.1.0/avr51\libgcc.a(_negsi2.o)
                0x00003bc6                __negsi2
 .text.libgcc   0x00003bd6       0x12 C:/HWP/HWP/avr8-gnu-toolchain-4.0.0.52-win32.any.x86_64/avr8-gnu-toolchain-win32_x86_64/bin/../lib/gcc/avr/15.1.0/avr51\libgcc.a(_tablejump2.o)
                0x00003bd6                __tablejump2__
 .text.libgcc.mul
                0x00003be8        0xc C:/HWP/HWP/avr8-gnu-toolchain-4.0.0.52-win32.any.x86_64/avr8-gnu-toolchain-win32_x86_64/bin/../lib/gcc/avr/15.1.0/avr51\libgcc.a(_usmulhisi3.o)
                0x00003be8                __usmulhisi3
                0x00003bea                __usmulhisi3_tail
 .text.libgcc.mul
                0x00003bf4       0x14 C:/HWP/HWP/avr8-gnu-toolchain-4.0.0.52-win32.any.x86_64/avr8-gnu-toolchain-win32_x86_64/bin/../lib/gcc/avr/15.1.0/avr51\libgcc.a(_muluhisi3.o)
                0x00003bf4                __muluhisi3
 .text.libgcc.div
                0x00003c08       0x28 C:/HWP/HWP/avr8-gnu-toolchain-4.0.0.52-win32.any.x86_64/avr8-gnu-toolchain-win32_x86_64/bin/../lib/gcc/avr/15.1.0/avr51\libgcc.a(_udivmodhi4.o)
                0x00003c08                __udivmodhi4
 .text.avr-libc.fplib
                0x00003c30        0xa C:/HWP/HWP/avr8-gnu-toolchain-4.0.0.52-win32.any.x86_64/avr8-gnu-toolchain-win32_x86_64/bin/../lib/gcc/avr/15.1.0/../../../../avr/lib/avr51\libm.a(addsf3.o)
                0x00003c30                __subsf3
                0x00003c32                __addsf3
 .text.avr-libc.fplib
                0x00003c3a       0xc0 C:/HWP/HWP/avr8-gnu-toolchain-4.0.0.52-win32.any.x86_64/avr8-gnu-toolchain-win32_x86_64/bin/../lib/gcc/avr/15.1.0/../../../../avr/lib/avr51\libm.a(addsf3x.o)
                0x00003c54                __addsf3x
 .text.avr-libc.fplib
                0x00003cfa        0x6 C:/HWP/HWP/avr8-gnu-toolchain-4.0.0.52-win32.any.x86_64/avr8-gnu-toolchain-win32_x86_64/bin/../lib/gcc/avr/15.1.0/../../../../avr/lib/avr51\libm.a(cos.o)
                0x00003cfa                cos
                0x00003cfa                cosf
 .text.avr-libc.fplib
                0x00003d00        0x4 C:/HWP/HWP/avr8-gnu-toolchain-4.0.0.52-win32.any.x86_64/avr8-gnu-toolchain-win32_x86_64/bin/../lib/gcc/avr/15.1.0/../../../../avr/lib/avr51\libm.a(divsf3.o)
                0x00003d00                __divsf3
 .text.avr-libc.fplib
                0x00003d04       0xcc C:/HWP/HWP/avr8-gnu-toolchain-4.0.0.52-win32.any.x86_64/avr8-gnu-toolchain-win32_x86_64/bin/../lib/gcc/avr/15.1.0/../../../../avr/lib/avr51\libm.a(divsf3x.o)
                0x00003d1a                __divsf3x
                0x00003d1e                __divsf3_pse
 .text.avr-libc.fplib
                0x00003dd0        0xa C:/HWP/HWP/avr8-gnu-toolchain-4.0.0.52-win32.any.x86_64/avr8-gnu-toolchain-win32_x86_64/bin/../lib/gcc/avr/15.1.0/../../../../avr/lib/avr51\libm.a(fixsfsi.o)
                0x00003dd0                __fixsfsi
 .text.avr-libc.fplib
                0x00003dda       0x58 C:/HWP/HWP/avr8-gnu-toolchain-4.0.0.52-win32.any.x86_64/avr8-gnu-toolchain-win32_x86_64/bin/../lib/gcc/avr/15.1.0/../../../../avr/lib/avr51\libm.a(fixunssfsi.o)
                0x00003dda                __fixunssfsi
 .text.avr-libc.fplib
                0x00003e32       0x7a C:/HWP/HWP/avr8-gnu-toolchain-4.0.0.52-win32.any.x86_64/avr8-gnu-toolchain-win32_x86_64/bin/../lib/gcc/avr/15.1.0/../../../../avr/lib/avr51\libm.a(floatsisf.o)
                0x00003e32                __floatunsisf
                0x00003e36                __floatsisf
 .text.avr-libc.fplib
                0x00003eac       0x48 C:/HWP/HWP/avr8-gnu-toolchain-4.0.0.52-win32.any.x86_64/avr8-gnu-toolchain-win32_x86_64/bin/../lib/gcc/avr/15.1.0/../../../../avr/lib/avr51\libm.a(fp_cmp.o)
                0x00003eac                __fp_cmp
 .text.avr-libc.fplib
                0x00003ef4        0xc C:/HWP/HWP/avr8-gnu-toolchain-4.0.0.52-win32.any.x86_64/avr8-gnu-toolchain-win32_x86_64/bin/../lib/gcc/avr/15.1.0/../../../../avr/lib/avr51\libm.a(fp_inf.o)
                0x00003ef4                __fp_inf
 .text.avr-libc.fplib
                0x00003f00        0x6 C:/HWP/HWP/avr8-gnu-toolchain-4.0.0.52-win32.any.x86_64/avr8-gnu-toolchain-win32_x86_64/bin/../lib/gcc/avr/15.1.0/../../../../avr/lib/avr51\libm.a(fp_nan.o)
                0x00003f00                __fp_nan
 .text.avr-libc.fplib
                0x00003f06        0xe C:/HWP/HWP/avr8-gnu-toolchain-4.0.0.52-win32.any.x86_64/avr8-gnu-toolchain-win32_x86_64/bin/../lib/gcc/avr/15.1.0/../../../../avr/lib/avr51\libm.a(fp_pscA.o)
                0x00003f06                __fp_pscA
 .text.avr-libc.fplib
                0x00003f14        0xe C:/HWP/HWP/avr8-gnu-toolchain-4.0.0.52-win32.any.x86_64/avr8-gnu-toolchain-win32_x86_64/bin/../lib/gcc/avr/15.1.0/../../../../avr/lib/avr51\libm.a(fp_pscB.o)
                0x00003f14                __fp_pscB
 .text.avr-libc.fplib
                0x00003f22       0x50 C:/HWP/HWP/avr8-gnu-toolchain-4.0.0.52-win32.any.x86_64/avr8-gnu-toolchain-win32_x86_64/bin/../lib/gcc/avr/15.1.0/../../../../avr/lib/avr51\libm.a(fp_rempio2.o)
                0x00003f24                __fp_rempio2
 .text.avr-libc.fplib
                0x00003f72       0x22 C:/HWP/HWP/avr8-gnu-toolchain-4.0.0.52-win32.any.x86_64/avr8-gnu-toolchain-win32_x86_64/bin/../lib/gcc/avr/15.1.0/../../../../avr/lib/avr51\libm.a(fp_round.o)
                0x00003f72                __fp_round
 .text.avr-libc.fplib
                0x00003f94       0x24 C:/HWP/HWP/avr8-gnu-toolchain-4.0.0.52-win32.any.x86_64/avr8-gnu-toolchain-win32_x86_64/bin/../lib/gcc/avr/15.1.0/../../../../avr/lib/avr51\libm.a(fp_sinus.o)
                0x00003f94                __fp_sinus
 .text.avr-libc.fplib
                0x00003fb8       0x44 C:/HWP/HWP/avr8-gnu-toolchain-4.0.0.52-win32.any.x86_64/avr8-gnu-toolchain-win32_x86_64/bin/../lib/gcc/avr/15.1.0/../../../../avr/lib/avr51\libm.a(fp_split3.o)
                0x00003fb8                __fp_split3
                0x00003fc8                __fp_splitA
 .text.avr-libc.fplib
                0x00003ffc        0xe C:/HWP/HWP/avr8-gnu-toolchain-4.0.0.52-win32.any.x86_64/avr8-gnu-toolchain-win32_x86_64/bin/../lib/gcc/avr/15.1.0/../../../../avr/lib/avr51\libm.a(fp_zero.o)
                0x00003ffc                __fp_zero
                0x00003ffe                __fp_szero
 .text.avr-libc.fplib
                0x0000400a        0x8 C:/HWP/HWP/avr8-gnu-toolchain-4.0.0.52-win32.any.x86_64/avr8-gnu-toolchain-win32_x86_64/bin/../lib/gcc/avr/15.1.0/../../../../avr/lib/avr51\libm.a(gesf2.o)
                0x0000400a                __gesf2
                0x0000400a                __gtsf2
 .text.avr-libc.fplib
                0x00004012       0xc2 C:/HWP/HWP/avr8-gnu-toolchain-4.0.0.52-win32.any.x86_64/avr8-gnu-toolchain-win32_x86_64/bin/../lib/gcc/avr/15.1.0/../../../../avr/lib/avr51\libm.a(hypot.o)
                0x00004024                hypot
                0x00004024                hypotf
 .text.avr-libc.fplib
                0x000040d4       0x6c C:/HWP/HWP/avr8-gnu-toolchain-4.0.0.52-win32.any.x86_64/avr8-gnu-toolchain-win32_x86_64/bin/../lib/gcc/avr/15.1.0/../../../../avr/lib/avr51\libm.a(ldexp.o)
                0x000040d8                ldexp
                0x000040d8                ldexpf
 .text.avr-libc.fplib
                0x00004140        0x4 C:/HWP/HWP/avr8-gnu-toolchain-4.0.0.52-win32.any.x86_64/avr8-gnu-toolchain-win32_x86_64/bin/../lib/gcc/avr/15.1.0/../../../../avr/lib/avr51\libm.a(mulsf3.o)
                0x00004140                __mulsf3
 .text.avr-libc.fplib
                0x00004144       0xc2 C:/HWP/HWP/avr8-gnu-toolchain-4.0.0.52-win32.any.x86_64/avr8-gnu-toolchain-win32_x86_64/bin/../lib/gcc/avr/15.1.0/../../../../avr/lib/avr51\libm.a(mulsf3x.o)
                0x00004158                __mulsf3x
                0x0000415c                __mulsf3_pse
 .text.avr-libc.fplib
                0x00004206        0xc C:/HWP/HWP/avr8-gnu-toolchain-4.0.0.52-win32.any.x86_64/avr8-gnu-toolchain-win32_x86_64/bin/../lib/gcc/avr/15.1.0/../../../../avr/lib/avr51\libm.a(sin.o)
                0x00004206                sinf
                0x00004206                sin
 .text.avr-libc.fplib
                0x00004212       0x84 C:/HWP/HWP/avr8-gnu-toolchain-4.0.0.52-win32.any.x86_64/avr8-gnu-toolchain-win32_x86_64/bin/../lib/gcc/avr/15.1.0/../../../../avr/lib/avr51\libm.a(sqrt.o)
                0x0000421a                sqrtf
                0x0000421a                sqrt
 .text.avr-libc.fplib
                0x00004296       0x1c C:/HWP/HWP/avr8-gnu-toolchain-4.0.0.52-win32.any.x86_64/avr8-gnu-toolchain-win32_x86_64/bin/../lib/gcc/avr/15.1.0/../../../../avr/lib/avr51\libm.a(fp_mpack.o)
                0x00004296                __fp_mpack
                0x0000429a                __fp_mpack_finite
 .text.avr-libc.fplib
                0x000042b2        0xe C:/HWP/HWP/avr8-gnu-toolchain-4.0.0.52-win32.any.x86_64/avr8-gnu-toolchain-win32_x86_64/bin/../lib/gcc/avr/15.1.0/../../../../avr/lib/avr51\libm.a(fp_norm2.o)
                0x000042b2                __fp_norm2
 .text.avr-libc.fplib
                0x000042c0       0x26 C:/HWP/HWP/avr8-gnu-toolchain-4.0.0.52-win32.any.x86_64/avr8-gnu-toolchain-win32_x86_64/bin/../lib/gcc/avr/15.1.0/../../../../avr/lib/avr51\libm.a(fp_powsodd.o)
                0x000042c0                __fp_powsodd
 .text.avr-libc.fplib
                0x000042e6       0x4c C:/HWP/HWP/avr8-gnu-toolchain-4.0.0.52-win32.any.x86_64/avr8-gnu-toolchain-win32_x86_64/bin/../lib/gcc/avr/15.1.0/../../../../avr/lib/avr51\libm.a(fp_powser.o)
                0x000042e6                __fp_powser
 .text.avr-libc
                0x00004332      0x23a C:/HWP/HWP/avr8-gnu-toolchain-4.0.0.52-win32.any.x86_64/avr8-gnu-toolchain-win32_x86_64/bin/../lib/gcc/avr/15.1.0/../../../../avr/lib/avr51\libc.a(malloc.o)
                0x00004332                malloc
                0x00004456                free
 .text.avr-libc
                0x0000456c       0x12 C:/HWP/HWP/avr8-gnu-toolchain-4.0.0.52-win32.any.x86_64/avr8-gnu-toolchain-win32_x86_64/bin/../lib/gcc/avr/15.1.0/../../../../avr/lib/avr51\libc.a(memcpy.o)
                0x0000456c                memcpy
 .text.avr-libc
                0x0000457e       0x72 C:/HWP/HWP/avr8-gnu-toolchain-4.0.0.52-win32.any.x86_64/avr8-gnu-toolchain-win32_x86_64/bin/../lib/gcc/avr/15.1.0/../../../../avr/lib/avr51\libc.a(vsnprintf.o)
                0x0000457e                vsnprintf
 .text.avr-libc
                0x000045f0       0x72 C:/HWP/HWP/avr8-gnu-toolchain-4.0.0.52-win32.any.x86_64/avr8-gnu-toolchain-win32_x86_64/bin/../lib/gcc/avr/15.1.0/../../../../avr/lib/avr51\libc.a(vsnprintf_p.o)
                0x000045f0                vsnprintf_P
 .text.avr-libc
                0x00004662      0x40c C:/HWP/HWP/avr8-gnu-toolchain-4.0.0.52-win32.any.x86_64/avr8-gnu-toolchain-win32_x86_64/bin/../lib/gcc/avr/15.1.0/../../../../avr/lib/avr51\libc.a(vfprintf_std.o)
                0x00004662                vfprintf
 .text.avr-libc
                0x00004a6e       0x16 C:/HWP/HWP/avr8-gnu-toolchain-4.0.0.52-win32.any.x86_64/avr8-gnu-toolchain-win32_x86_64/bin/../lib/gcc/avr/15.1.0/../../../../avr/lib/avr51\libc.a(strnlen_P.o)
                0x00004a6e                strnlen_P
 .text.avr-libc
                0x00004a84       0x16 C:/HWP/HWP/avr8-gnu-toolchain-4.0.0.52-win32.any.x86_64/avr8-gnu-toolchain-win32_x86_64/bin/../lib/gcc/avr/15.1.0/../../../../avr/lib/avr51\libc.a(strnlen.o)
                0x00004a84                strnlen
 .text.avr-libc
                0x00004a9a       0x60 C:/HWP/HWP/avr8-gnu-toolchain-4.0.0.52-win32.any.x86_64/avr8-gnu-toolchain-win32_x86_64/bin/../lib/gcc/avr/15.1.0/../../../../avr/lib/avr51\libc.a(fputc.o)
                0x00004a9a                fputc
 .text.avr-libc
                0x00004afa       0xbc C:/HWP/HWP/avr8-gnu-toolchain-4.0.0.52-win32.any.x86_64/avr8-gnu-toolchain-win32_x86_64/bin/../lib/gcc/avr/15.1.0/../../../../avr/lib/avr51\libc.a(ultoa_invert.o)
                0x00004afa                __ultoa_invert
 .text.avr-libc
                0x00004bb6        0xa C:/HWP/HWP/avr8-gnu-toolchain-4.0.0.52-win32.any.x86_64/avr8-gnu-toolchain-win32_x86_64/bin/../lib/gcc/avr/15.1.0/../../../../avr/lib/avr51\libatmega1280.a(eerd_word.o)
                0x00004bb6                eeprom_read_word
 .text.avr-libc
                0x00004bc0        0x6 C:/HWP/HWP/avr8-gnu-toolchain-4.0.0.52-win32.any.x86_64/avr8-gnu-toolchain-win32_x86_64/bin/../lib/gcc/avr/15.1.0/../../../../avr/lib/avr51\libatmega1280.a(eewr_word.o)
                0x00004bc0                eeprom_write_word
 .text.avr-libc
                0x00004bc6       0x20 C:/HWP/HWP/avr8-gnu-toolchain-4.0.0.52-win32.any.x86_64/avr8-gnu-toolchain-win32_x86_64/bin/../lib/gcc/avr/15.1.0/../../../../avr/lib/avr51\libatmega1280.a(eerd_block.o)
                0x00004bc6                eeprom_read_block
                0x00004bca                eeprom_read_blraw
 .text.avr-libc
                0x00004be6       0x1c C:/HWP/HWP/avr8-gnu-toolchain-4.0.0.52-win32.any.x86_64/avr8-gnu-toolchain-win32_x86_64/bin/../lib/gcc/avr/15.1.0/../../../../avr/lib/avr51\libatmega1280.a(eewr_byte.o)
                0x00004be6                eeprom_write_byte
                0x00004be8                eeprom_write_r18
                0x00004c02                        . = ALIGN (0x2)
 *(.fini9)
 .fini9         0x00004c02        0x0 C:/HWP/HWP/avr8-gnu-toolchain-4.0.0.52-win32.any.x86_64/avr8-gnu-toolchain-win32_x86_64/bin/../lib/gcc/avr/15.1.0/avr51\libgcc.a(_exit.o)
                0x00004c02                _exit
                0x00004c02                exit
 *(.fini9)
 *(.fini8)
 *(.fini8)
 *(.fini7)
 *(.fini7)
 *(.fini6)
 *(.fini6)
 *(.fini5)
 *(.fini5)
 *(.fini4)
 *(.fini4)
 *(.fini3)
 *(.fini3)
 *(.fini2)
 *(.fini2)
 *(.fini1)
 *(.fini1)
 *(.fini0)
 .fini0         0x00004c02        0x4 C:/HWP/HWP/avr8-gnu-toolchain-4.0.0.52-win32.any.x86_64/avr8-gnu-toolchain-win32_x86_64/bin/../lib/gcc/avr/15.1.0/avr51\libgcc.a(_exit.o)
 *(.fini0)
 *(.hightext)
 *(.hightext*)
 *(.progmemx.*)
 .progmemx.gcc_fplib.sinus
                0x00004c06       0x1e C:/HWP/HWP/avr8-gnu-toolchain-4.0.0.52-win32.any.x86_64/avr8-gnu-toolchain-win32_x86_64/bin/../lib/gcc/avr/15.1.0/../../../../avr/lib/avr51\libm.a(fp_sinus.o)
                0x00004c24                        . = ALIGN (0x2)
 *(.jumptables)
 *(.jumptables*)
 .jumptables.gcc.commUserCommand
                0x00004c24       0x1c Build\obj\main.o
 .jumptables.gcc.stateMachine
                0x00004c40       0x10 Build\obj\statemachine.o
                0x00004c50                        _etext = .

.data           0x00800200      0xd0c load address 0x00004c50
                0x00800200                        PROVIDE (__data_start = .)
 *(.data)
 .data          0x00800200        0x6 C:/HWP/HWP/avr8-gnu-toolchain-4.0.0.52-win32.any.x86_64/avr8-gnu-toolchain-win32_x86_64/bin/../lib/gcc/avr/15.1.0/../../../../avr/lib/avr51\libc.a(malloc.o)
                0x00800200                __malloc_heap_end
                0x00800202                __malloc_heap_start
                0x00800204                __malloc_margin
 *(.data*)
 .data.curSeg   0x00800206        0x2 Build\obj\pathFollower.o
 .data.pathFollower_segmentLimit
                0x00800208        0x1 Build\obj\pathFollower.o
 .data.pathFollower_lookaheadDistance
                0x00800209        0x4 Build\obj\pathFollower.o
 .data.timeTask_uptime
                0x0080020d        0x4 Build\obj\timeTask.o
                0x0080020d                timeTask_uptime
 .data.pose     0x00800211        0xc Build\obj\main.o
 .data.targetAngle_degrees
                0x0080021d        0x2 Build\obj\statemachine.o
 .data.targetPWM
                0x0080021f        0x2 Build\obj\statemachine.o
 .data.targetTicks
                0x00800221        0x2 Build\obj\statemachine.o
 .data.targetDistance_mm
                0x00800223        0x2 Build\obj\statemachine.o
 .data.calibratedPWMRight
                0x00800225       0x14 Build\obj\calibration.o
 .data.calibratedPWMLeft
                0x00800239       0x14 Build\obj\calibration.o
 *(.gnu.linkonce.d*)
 *(.rodata)
 .rodata        0x0080024d       0x14 Build\obj\calibration.o
 *(.rodata*)
 .rodata.commRobotParameters.str1.1
                0x00800261      0xc97 Build\obj\main.o
                                 0x25 (size before relaxing)
 .rodata.commDebug.str1.1
                0x00800ef8       0x12 Build\obj\main.o
 .rodata.commUserCommand.str1.1
                0x00800ef8      0x195 Build\obj\main.o
 .rodata.drive_Forward_1000ticks.str1.1
                0x00800ef8      0x246 Build\obj\statemachine.o
 .rodata.drive_Forward_ticks.str1.1
                0x00800ef8      0x1d6 Build\obj\statemachine.o
 .rodata.turn_On_Spot_degrees.str1.1
                0x00800ef8      0x11a Build\obj\statemachine.o
 .rodata.calibration_run.str1.1
                0x00800ef8      0x596 Build\obj\calibration.o
 .rodata.calibrationPWMValues
                0x00800ef8       0x14 Build\obj\calibration.o
 *(.gnu.linkonce.r*)
                0x0080148e                        . = ALIGN (0x2)
                0x00800f0c                        _edata = .
                0x00800f0c                        PROVIDE (__data_end = .)

.bss            0x00800f0c      0x794
                0x00800f0c                        PROVIDE (__bss_start = .)
 *(.bss)
 .bss           0x00800f0c        0x4 C:/HWP/HWP/avr8-gnu-toolchain-4.0.0.52-win32.any.x86_64/avr8-gnu-toolchain-win32_x86_64/bin/../lib/gcc/avr/15.1.0/../../../../avr/lib/avr51\libc.a(malloc.o)
                0x00800f0c                __flp
                0x00800f0e                __brkval
 *(.bss*)
 .bss.errors    0x00800f10        0x1 Build\obj\communication.o
 .bss.inChksum  0x00800f11        0x1 Build\obj\communication.o
 .bss.isESC     0x00800f12        0x1 Build\obj\communication.o
 .bss.inBufLen  0x00800f13        0x2 Build\obj\communication.o
 .bss.inBuf     0x00800f15      0x400 Build\obj\communication.o
 .bss.communication_ChannelReceivers
                0x00801315       0x20 Build\obj\communication.o
 .bss.ADC_currentChannel
                0x00801335        0x2 Build\obj\adc.o
                0x00801335                ADC_currentChannel
 .bss.ADC_channels
                0x00801337       0xc8 Build\obj\adc.o
                0x00801337                ADC_channels
 .bss.uart1_TX_buf
                0x008013ff      0x100 Build\obj\uart.o
                0x008013ff                uart1_TX_buf
 .bss.uart1_RX_buf
                0x008014ff       0x80 Build\obj\uart.o
                0x008014ff                uart1_RX_buf
 .bss.uart1     0x0080157f        0x5 Build\obj\uart.o
                0x0080157f                uart1
 .bss.initialized
                0x00801584        0x1 Build\obj\pathFollower.o
 .bss.pathLength
                0x00801585        0x1 Build\obj\pathFollower.o
 .bss.path      0x00801586        0x2 Build\obj\pathFollower.o
 .bss.pathFollower_callback
                0x00801588        0x2 Build\obj\pathFollower.o
 .bss.pathFollower_extStatus
                0x0080158a        0x5 Build\obj\pathFollower.o
 .bss.pathFollower_status
                0x0080158f       0x11 Build\obj\pathFollower.o
 .bss.timeTask_time_ms
                0x008015a0        0x4 Build\obj\timeTask.o
                0x008015a0                timeTask_time_ms
 .bss.t_index.0
                0x008015a4        0x2 Build\obj\main.o
 .bss.POSE_TASK.1
                0x008015a6        0x2 Build\obj\main.o
 .bss.TELEMETRY_TASK.2
                0x008015a8        0x2 Build\obj\main.o
 .bss.LED_TASK.3
                0x008015aa        0x2 Build\obj\main.o
 .bss.phase.0   0x008015ac        0x1 Build\obj\statemachine.o
 .bss.waitStart.1
                0x008015ad        0x6 Build\obj\statemachine.o
 .bss.softStartTime.2
                0x008015b3        0x6 Build\obj\statemachine.o
 .bss.currentSoftStartPWM.3
                0x008015b9        0x2 Build\obj\statemachine.o
 .bss.pwmRight.4
                0x008015bb        0x2 Build\obj\statemachine.o
 .bss.pwmLeft.5
                0x008015bd        0x2 Build\obj\statemachine.o
 .bss.targetTicksValue.6
                0x008015bf        0x2 Build\obj\statemachine.o
 .bss.startEncoderL.7
                0x008015c1        0x2 Build\obj\statemachine.o
 .bss.startEncoderR.8
                0x008015c3        0x2 Build\obj\statemachine.o
 .bss.initialized.9
                0x008015c5        0x1 Build\obj\statemachine.o
 .bss.initialized.10
                0x008015c6        0x1 Build\obj\statemachine.o
 .bss.lastEncoderLogTime.11
                0x008015c7        0x6 Build\obj\statemachine.o
 .bss.encoderLogInitialized.12
                0x008015cd        0x1 Build\obj\statemachine.o
 .bss.speedMeasureStart.13
                0x008015ce        0x6 Build\obj\statemachine.o
 .bss.speedMeasureEncoderL.14
                0x008015d4        0x2 Build\obj\statemachine.o
 .bss.speedMeasureEncoderR.15
                0x008015d6        0x2 Build\obj\statemachine.o
 .bss.lastLogTime.16
                0x008015d8        0x6 Build\obj\statemachine.o
 .bss.correctionActive.17
                0x008015de        0x1 Build\obj\statemachine.o
 .bss.speedMeasureInitialized.18
                0x008015df        0x1 Build\obj\statemachine.o
 .bss.phase.19  0x008015e0        0x1 Build\obj\statemachine.o
 .bss.waitStart.20
                0x008015e1        0x6 Build\obj\statemachine.o
 .bss.softStartTime.21
                0x008015e7        0x6 Build\obj\statemachine.o
 .bss.currentSoftStartPWM.22
                0x008015ed        0x2 Build\obj\statemachine.o
 .bss.targetPWMLeft.23
                0x008015ef        0x2 Build\obj\statemachine.o
 .bss.targetPWMRight.24
                0x008015f1        0x2 Build\obj\statemachine.o
 .bss.startEncoderL.25
                0x008015f3        0x2 Build\obj\statemachine.o
 .bss.startEncoderR.26
                0x008015f5        0x2 Build\obj\statemachine.o
 .bss.initialized.27
                0x008015f7        0x1 Build\obj\statemachine.o
 .bss.start     0x008015f8        0x6 Build\obj\statemachine.o
 .bss.currentState
                0x008015fe        0x1 Build\obj\statemachine.o
                0x008015fe                currentState
 .bss.LeftEncoderCounter
                0x008015ff        0x2 Build\obj\encoder.o
 .bss.rightEncoderCounter
                0x00801601        0x2 Build\obj\encoder.o
 .bss.pinOld    0x00801603        0x1 Build\obj\encoder.o
 .bss.bumpers   0x00801604        0x1 Build\obj\bumper.o
 .bss.contacts  0x00801605        0x1 Build\obj\bumper.o
 .bss.results.0
                0x00801606       0x5a Build\obj\calibration.o
 .bss.endSpeedStart.1
                0x00801660        0x6 Build\obj\calibration.o
 .bss.stableDiffStarted.2
                0x00801666        0x1 Build\obj\calibration.o
 .bss.phase2StartTime.3
                0x00801667        0x6 Build\obj\calibration.o
 .bss.lastLogTime.4
                0x0080166d        0x6 Build\obj\calibration.o
 .bss.endSpeedMeasureStart.5
                0x00801673        0x6 Build\obj\calibration.o
 .bss.endSpeedMeasureEncoderL.6
                0x00801679        0x2 Build\obj\calibration.o
 .bss.endSpeedMeasureEncoderR.7
                0x0080167b        0x2 Build\obj\calibration.o
 .bss.endSpeedEncoderL.8
                0x0080167d        0x2 Build\obj\calibration.o
 .bss.endSpeedEncoderR.9
                0x0080167f        0x2 Build\obj\calibration.o
 .bss.endSpeedMeasureInitialized.10
                0x00801681        0x1 Build\obj\calibration.o
 .bss.speedMeasureStart.11
                0x00801682        0x6 Build\obj\calibration.o
 .bss.speedMeasureEncoderL.12
                0x00801688        0x2 Build\obj\calibration.o
 .bss.speedMeasureEncoderR.13
                0x0080168a        0x2 Build\obj\calibration.o
 .bss.speedMeasureInitialized.14
                0x0080168c        0x1 Build\obj\calibration.o
 .bss.waitStart.15
                0x0080168d        0x6 Build\obj\calibration.o
 .bss.currentSoftStartPWM.16
                0x00801693        0x2 Build\obj\calibration.o
 .bss.pwmLeft.17
                0x00801695        0x2 Build\obj\calibration.o
 .bss.pwmRight.18
                0x00801697        0x2 Build\obj\calibration.o
 .bss.basePWM.19
                0x00801699        0x2 Build\obj\calibration.o
 .bss.iteration.20
                0x0080169b        0x1 Build\obj\calibration.o
 .bss.pwmIndex.21
                0x0080169c        0x1 Build\obj\calibration.o
 .bss.phase.22  0x0080169d        0x1 Build\obj\calibration.o
 .bss.initialized.23
                0x0080169e        0x1 Build\obj\calibration.o
 .bss.calibrationLoaded
                0x0080169f        0x1 Build\obj\calibration.o
 *(COMMON)
                0x008016a0                        PROVIDE (__bss_end = .)
                0x00004c50                        __data_load_start = LOADADDR (.data)
                0x0000595c                        __data_load_end = (__data_load_start + SIZEOF (.data))

.noinit         0x008016a0        0x0
                [!provide]                        PROVIDE (__noinit_start = .)
 *(.noinit .noinit.* .gnu.linkonce.n.*)
                [!provide]                        PROVIDE (__noinit_end = .)
                0x008016a0                        _end = .
                0x008016a0                        PROVIDE (__heap_start = .)
                0x00000000                        __flmap_init_label = DEFINED (__flmap_noinit_start)?__flmap_noinit_start:0x0
                0x00000000                        __flmap = DEFINED (__flmap)?__flmap:0x0

.eeprom         0x00810000       0x2a
 *(.eeprom*)
 .eeprom        0x00810000       0x2a Build\obj\calibration.o
                0x0081002a                        __eeprom_end = .

.fuse
 *(.fuse)
 *(.lfuse)
 *(.hfuse)
 *(.efuse)

.lock
 *(.lock*)

.signature
 *(.signature*)

.stab
 *(.stab)

.stabstr
 *(.stabstr)

.stab.excl
 *(.stab.excl)

.stab.exclstr
 *(.stab.exclstr)

.stab.index
 *(.stab.index)

.stab.indexstr
 *(.stab.indexstr)

.comment        0x00000000       0x5c
 *(.comment)
 .comment       0x00000000       0x5c Build\obj\communication.o
                                 0x30 (size before relaxing)
 .comment       0x0000005c       0x30 Build\obj\adc.o
 .comment       0x0000005c       0x30 Build\obj\uart.o
 .comment       0x0000005c       0x30 Build\obj\motor.o
 .comment       0x0000005c       0x30 Build\obj\pathFollower.o
 .comment       0x0000005c       0x30 Build\obj\timeTask.o
 .comment       0x0000005c       0x30 Build\obj\badISR.o
 .comment       0x0000005c       0x30 Build\obj\main.o
 .comment       0x0000005c       0x30 Build\obj\statemachine.o
 .comment       0x0000005c       0x30 Build\obj\encoder.o
 .comment       0x0000005c       0x30 Build\obj\bumper.o
 .comment       0x0000005c       0x30 Build\obj\calibration.o
 .comment       0x0000005c       0x30 C:/HWP/HWP/avr8-gnu-toolchain-4.0.0.52-win32.any.x86_64/avr8-gnu-toolchain-win32_x86_64/bin/../lib/gcc/avr/15.1.0/../../../../avr/lib/avr51\libc.a(malloc.o)
 .comment       0x0000005c       0x30 C:/HWP/HWP/avr8-gnu-toolchain-4.0.0.52-win32.any.x86_64/avr8-gnu-toolchain-win32_x86_64/bin/../lib/gcc/avr/15.1.0/../../../../avr/lib/avr51\libc.a(vsnprintf.o)
 .comment       0x0000005c       0x30 C:/HWP/HWP/avr8-gnu-toolchain-4.0.0.52-win32.any.x86_64/avr8-gnu-toolchain-win32_x86_64/bin/../lib/gcc/avr/15.1.0/../../../../avr/lib/avr51\libc.a(vsnprintf_p.o)
 .comment       0x0000005c       0x2e C:/HWP/HWP/avr8-gnu-toolchain-4.0.0.52-win32.any.x86_64/avr8-gnu-toolchain-win32_x86_64/bin/../lib/gcc/avr/15.1.0/../../../../avr/lib/avr51\libc.a(vfprintf_std.o)
 .comment       0x0000005c       0x30 C:/HWP/HWP/avr8-gnu-toolchain-4.0.0.52-win32.any.x86_64/avr8-gnu-toolchain-win32_x86_64/bin/../lib/gcc/avr/15.1.0/../../../../avr/lib/avr51\libc.a(fputc.o)

.note.gnu.avr.deviceinfo
                0x00000000       0x40
 .note.gnu.avr.deviceinfo
                0x00000000       0x40 C:/HWP/HWP/avr8-gnu-toolchain-4.0.0.52-win32.any.x86_64/avr8-gnu-toolchain-win32_x86_64/bin/../lib/gcc/avr/15.1.0/../../../../avr/lib/avr51/crtatmega1280.o

.gnu.build.attributes
 *(.gnu.build.attributes .gnu.build.attributes.*)

.note.gnu.build-id
 *(.note.gnu.build-id)

.debug
 *(.debug)

.line
 *(.line)

.debug_srcinfo
 *(.debug_srcinfo)

.debug_sfnames
 *(.debug_sfnames)

.debug_aranges  0x00000000      0x410
 *(.debug_aranges)
 .debug_aranges
                0x00000000       0x60 Build\obj\communication.o
 .debug_aranges
                0x00000060       0x40 Build\obj\adc.o
 .debug_aranges
                0x000000a0       0x58 Build\obj\uart.o
 .debug_aranges
                0x000000f8       0x50 Build\obj\motor.o
 .debug_aranges
                0x00000148       0x98 Build\obj\pathFollower.o
 .debug_aranges
                0x000001e0       0x38 Build\obj\timeTask.o
 .debug_aranges
                0x00000218       0x20 Build\obj\badISR.o
 .debug_aranges
                0x00000238       0x50 Build\obj\main.o
 .debug_aranges
                0x00000288       0x70 Build\obj\statemachine.o
 .debug_aranges
                0x000002f8       0x38 Build\obj\encoder.o
 .debug_aranges
                0x00000330       0x40 Build\obj\bumper.o
 .debug_aranges
                0x00000370       0x40 Build\obj\calibration.o
 .debug_aranges
                0x000003b0       0x20 Build\obj\adc_isr.o
 .debug_aranges
                0x000003d0       0x20 Build\obj\uart_isr.o
 .debug_aranges
                0x000003f0       0x20 Build\obj\timeTask_isr.o

.debug_pubnames
 *(.debug_pubnames)

.debug_info     0x00000000     0x7654
 *(.debug_info .gnu.linkonce.wi.*)
 .debug_info    0x00000000      0xbbc C:/HWP/HWP/avr8-gnu-toolchain-4.0.0.52-win32.any.x86_64/avr8-gnu-toolchain-win32_x86_64/bin/../lib/gcc/avr/15.1.0/../../../../avr/lib/avr51/crtatmega1280.o
 .debug_info    0x00000bbc      0x817 Build\obj\communication.o
 .debug_info    0x000013d3      0x41d Build\obj\adc.o
 .debug_info    0x000017f0      0x3e6 Build\obj\uart.o
 .debug_info    0x00001bd6      0x32f Build\obj\motor.o
 .debug_info    0x00001f05     0x1659 Build\obj\pathFollower.o
 .debug_info    0x0000355e      0x2b4 Build\obj\timeTask.o
 .debug_info    0x00003812      0x11e Build\obj\badISR.o
 .debug_info    0x00003930      0xd8c Build\obj\main.o
 .debug_info    0x000046bc     0x18b1 Build\obj\statemachine.o
 .debug_info    0x00005f6d      0x118 Build\obj\encoder.o
 .debug_info    0x00006085      0x185 Build\obj\bumper.o
 .debug_info    0x0000620a     0x13dd Build\obj\calibration.o
 .debug_info    0x000075e7       0x25 Build\obj\adc_isr.o
 .debug_info    0x0000760c       0x24 Build\obj\uart_isr.o
 .debug_info    0x00007630       0x24 Build\obj\timeTask_isr.o

.debug_abbrev   0x00000000     0x25f4
 *(.debug_abbrev)
 .debug_abbrev  0x00000000      0xb1a C:/HWP/HWP/avr8-gnu-toolchain-4.0.0.52-win32.any.x86_64/avr8-gnu-toolchain-win32_x86_64/bin/../lib/gcc/avr/15.1.0/../../../../avr/lib/avr51/crtatmega1280.o
 .debug_abbrev  0x00000b1a      0x268 Build\obj\communication.o
 .debug_abbrev  0x00000d82      0x1fb Build\obj\adc.o
 .debug_abbrev  0x00000f7d      0x1fd Build\obj\uart.o
 .debug_abbrev  0x0000117a      0x17a Build\obj\motor.o
 .debug_abbrev  0x000012f4      0x436 Build\obj\pathFollower.o
 .debug_abbrev  0x0000172a      0x19f Build\obj\timeTask.o
 .debug_abbrev  0x000018c9       0xe5 Build\obj\badISR.o
 .debug_abbrev  0x000019ae      0x343 Build\obj\main.o
 .debug_abbrev  0x00001cf1      0x41f Build\obj\statemachine.o
 .debug_abbrev  0x00002110       0xae Build\obj\encoder.o
 .debug_abbrev  0x000021be       0xf2 Build\obj\bumper.o
 .debug_abbrev  0x000022b0      0x308 Build\obj\calibration.o
 .debug_abbrev  0x000025b8       0x14 Build\obj\adc_isr.o
 .debug_abbrev  0x000025cc       0x14 Build\obj\uart_isr.o
 .debug_abbrev  0x000025e0       0x14 Build\obj\timeTask_isr.o

.debug_line     0x00000000     0x7ffa
 *(.debug_line .debug_line.* .debug_line_end)
 .debug_line    0x00000000       0x1d C:/HWP/HWP/avr8-gnu-toolchain-4.0.0.52-win32.any.x86_64/avr8-gnu-toolchain-win32_x86_64/bin/../lib/gcc/avr/15.1.0/../../../../avr/lib/avr51/crtatmega1280.o
 .debug_line    0x0000001d      0x9da Build\obj\communication.o
 .debug_line    0x000009f7      0x4c7 Build\obj\adc.o
 .debug_line    0x00000ebe      0x305 Build\obj\uart.o
 .debug_line    0x000011c3      0x52c Build\obj\motor.o
 .debug_line    0x000016ef     0x1872 Build\obj\pathFollower.o
 .debug_line    0x00002f61      0x30b Build\obj\timeTask.o
 .debug_line    0x0000326c       0xe4 Build\obj\badISR.o
 .debug_line    0x00003350      0x7d6 Build\obj\main.o
 .debug_line    0x00003b26     0x2213 Build\obj\statemachine.o
 .debug_line    0x00005d39      0x3cb Build\obj\encoder.o
 .debug_line    0x00006104      0x15a Build\obj\bumper.o
 .debug_line    0x0000625e     0x1a17 Build\obj\calibration.o
 .debug_line    0x00007c75      0x1e2 Build\obj\adc_isr.o
 .debug_line    0x00007e57       0x51 Build\obj\uart_isr.o
 .debug_line    0x00007ea8      0x152 Build\obj\timeTask_isr.o

.debug_frame    0x00000000      0x954
 *(.debug_frame)
 .debug_frame   0x00000000      0x118 Build\obj\communication.o
 .debug_frame   0x00000118       0x70 Build\obj\adc.o
 .debug_frame   0x00000188       0x94 Build\obj\uart.o
 .debug_frame   0x0000021c       0x90 Build\obj\motor.o
 .debug_frame   0x000002ac      0x210 Build\obj\pathFollower.o
 .debug_frame   0x000004bc       0x60 Build\obj\timeTask.o
 .debug_frame   0x0000051c       0x24 Build\obj\badISR.o
 .debug_frame   0x00000540       0xc8 Build\obj\main.o
 .debug_frame   0x00000608      0x124 Build\obj\statemachine.o
 .debug_frame   0x0000072c       0x78 Build\obj\encoder.o
 .debug_frame   0x000007a4       0xac Build\obj\bumper.o
 .debug_frame   0x00000850      0x104 Build\obj\calibration.o

.debug_str      0x00000000     0x1cc7
 *(.debug_str)
 .debug_str     0x00000000      0x3e6 C:/HWP/HWP/avr8-gnu-toolchain-4.0.0.52-win32.any.x86_64/avr8-gnu-toolchain-win32_x86_64/bin/../lib/gcc/avr/15.1.0/../../../../avr/lib/avr51/crtatmega1280.o
 .debug_str     0x000003e6     0x18e1 Build\obj\communication.o
                                0x500 (size before relaxing)
 .debug_str     0x00001cc7      0x275 Build\obj\adc.o
 .debug_str     0x00001cc7      0x2a7 Build\obj\uart.o
 .debug_str     0x00001cc7      0x1dc Build\obj\motor.o
 .debug_str     0x00001cc7      0x8f2 Build\obj\pathFollower.o
 .debug_str     0x00001cc7      0x222 Build\obj\timeTask.o
 .debug_str     0x00001cc7      0x198 Build\obj\badISR.o
 .debug_str     0x00001cc7      0x7fe Build\obj\main.o
 .debug_str     0x00001cc7      0x81c Build\obj\statemachine.o
 .debug_str     0x00001cc7      0x1c1 Build\obj\encoder.o
 .debug_str     0x00001cc7      0x1db Build\obj\bumper.o
 .debug_str     0x00001cc7      0x813 Build\obj\calibration.o
 .debug_str     0x00001cc7       0x2c Build\obj\adc_isr.o
 .debug_str     0x00001cc7       0x2e Build\obj\uart_isr.o
 .debug_str     0x00001cc7       0x39 Build\obj\timeTask_isr.o

.debug_loc
 *(.debug_loc)

.debug_macinfo
 *(.debug_macinfo)

.debug_weaknames
 *(.debug_weaknames)

.debug_funcnames
 *(.debug_funcnames)

.debug_typenames
 *(.debug_typenames)

.debug_varnames
 *(.debug_varnames)

.debug_pubtypes
 *(.debug_pubtypes)

.debug_ranges
 *(.debug_ranges)

.debug_addr
 *(.debug_addr)

.debug_line_str
                0x00000000      0x471
 *(.debug_line_str)
 .debug_line_str
                0x00000000      0x471 Build\obj\communication.o
                                0x1a7 (size before relaxing)
 .debug_line_str
                0x00000471      0x144 Build\obj\adc.o
 .debug_line_str
                0x00000471      0x121 Build\obj\uart.o
 .debug_line_str
                0x00000471      0x121 Build\obj\motor.o
 .debug_line_str
                0x00000471      0x1b1 Build\obj\pathFollower.o
 .debug_line_str
                0x00000471      0x147 Build\obj\timeTask.o
 .debug_line_str
                0x00000471      0x117 Build\obj\badISR.o
 .debug_line_str
                0x00000471      0x197 Build\obj\main.o
 .debug_line_str
                0x00000471      0x131 Build\obj\statemachine.o
 .debug_line_str
                0x00000471       0xa9 Build\obj\encoder.o
 .debug_line_str
                0x00000471       0xc2 Build\obj\bumper.o
 .debug_line_str
                0x00000471      0x191 Build\obj\calibration.o
 .debug_line_str
                0x00000471       0x20 Build\obj\adc_isr.o
 .debug_line_str
                0x00000471       0x22 Build\obj\uart_isr.o
 .debug_line_str
                0x00000471       0x2d Build\obj\timeTask_isr.o

.debug_loclists
                0x00000000     0x3c3d
 *(.debug_loclists)
 .debug_loclists
                0x00000000      0x724 Build\obj\communication.o
 .debug_loclists
                0x00000724      0x270 Build\obj\adc.o
 .debug_loclists
                0x00000994       0xf4 Build\obj\uart.o
 .debug_loclists
                0x00000a88       0xd0 Build\obj\motor.o
 .debug_loclists
                0x00000b58      0xb56 Build\obj\pathFollower.o
 .debug_loclists
                0x000016ae       0xe0 Build\obj\timeTask.o
 .debug_loclists
                0x0000178e       0x3c Build\obj\badISR.o
 .debug_loclists
                0x000017ca      0x782 Build\obj\main.o
 .debug_loclists
                0x00001f4c     0x12bf Build\obj\statemachine.o
 .debug_loclists
                0x0000320b       0x18 Build\obj\encoder.o
 .debug_loclists
                0x00003223      0xa1a Build\obj\calibration.o

.debug_macro
 *(.debug_macro)

.debug_names
 *(.debug_names)

.debug_rnglists
                0x00000000      0x654
 *(.debug_rnglists)
 .debug_rnglists
                0x00000000       0x8e Build\obj\communication.o
 .debug_rnglists
                0x0000008e       0x47 Build\obj\adc.o
 .debug_rnglists
                0x000000d5       0x49 Build\obj\uart.o
 .debug_rnglists
                0x0000011e       0x38 Build\obj\motor.o
 .debug_rnglists
                0x00000156       0xb7 Build\obj\pathFollower.o
 .debug_rnglists
                0x0000020d       0x25 Build\obj\timeTask.o
 .debug_rnglists
                0x00000232       0x13 Build\obj\badISR.o
 .debug_rnglists
                0x00000245       0x56 Build\obj\main.o
 .debug_rnglists
                0x0000029b      0x188 Build\obj\statemachine.o
 .debug_rnglists
                0x00000423       0x26 Build\obj\encoder.o
 .debug_rnglists
                0x00000449       0x2b Build\obj\bumper.o
 .debug_rnglists
                0x00000474      0x1e0 Build\obj\calibration.o

.debug_str_offsets
 *(.debug_str_offsets)

.debug_sup
 *(.debug_sup)
OUTPUT(Build\HWPRobot.elf elf32-avr)
LOAD linker stubs
